   1               		.file	"MIDI_Descriptors.c"
   2               	__SREG__ = 0x3f
   3               	__SP_H__ = 0x3e
   4               	__SP_L__ = 0x3d
   5               	__CCP__  = 0x34
   6               	__tmp_reg__ = 0
   7               	__zero_reg__ = 1
  15               	.Ltext0:
  16               		.section	.text.MIDI_GetDescriptor,"ax",@progbits
  17               	.global	MIDI_GetDescriptor
  19               	MIDI_GetDescriptor:
  20               	.LFB81:
  21               	.LSM0:
  22               	.LVL0:
  23               	/* prologue: function */
  24               	/* frame size = 0 */
  25 0000 DA01      		movw r26,r20
  26               	.LSM1:
  27 0002 9230      		cpi r25,lo8(2)
  28               	.LVL1:
  29 0004 01F0      		breq .L4
  30               	.LVL2:
  31 0006 9330      		cpi r25,lo8(3)
  32 0008 01F0      		breq .L5
  33 000a 9130      		cpi r25,lo8(1)
  34 000c 01F4      		brne .L2
  35 000e E0E0      		ldi r30,lo8(MIDI_DeviceDescriptor)
  36 0010 F0E0      		ldi r31,hi8(MIDI_DeviceDescriptor)
  37               	.LVL3:
  38 0012 22E1      		ldi r18,lo8(18)
  39 0014 30E0      		ldi r19,hi8(18)
  40               	.LVL4:
  41 0016 00C0      		rjmp .L6
  42               	.LVL5:
  43               	.L4:
  44 0018 E0E0      		ldi r30,lo8(MIDI_ConfigurationDescriptor)
  45 001a F0E0      		ldi r31,hi8(MIDI_ConfigurationDescriptor)
  46               	.LVL6:
  47 001c 25E6      		ldi r18,lo8(101)
  48 001e 30E0      		ldi r19,hi8(101)
  49               	.LVL7:
  50 0020 00C0      		rjmp .L6
  51               	.LVL8:
  52               	.L5:
  53               	.LSM2:
  54 0022 8130      		cpi r24,lo8(1)
  55 0024 01F0      		breq .L8
  56 0026 8130      		cpi r24,lo8(1)
  57 0028 00F0      		brlo .L7
  58 002a 8230      		cpi r24,lo8(2)
  59 002c 01F4      		brne .L2
  60 002e 00C0      		rjmp .L12
  61               	.L7:
  62               	.LBB2:
  63               	.LSM3:
  64 0030 E0E0      		ldi r30,lo8(MIDI_LanguageString)
  65 0032 F0E0      		ldi r31,hi8(MIDI_LanguageString)
  66               	/* #APP */
  67               	 ;  274 "MIDI_Descriptors.c" 1
  68 0034 8491      		lpm r24, Z
  69               		
  70               	 ;  0 "" 2
  71               	.LVL9:
  72               	/* #NOAPP */
  73 0036 00C0      		rjmp .L11
  74               	.LVL10:
  75               	.L8:
  76               	.LBE2:
  77               	.LBB3:
  78               	.LSM4:
  79 0038 E0E0      		ldi r30,lo8(MIDI_ManufacturerString)
  80 003a F0E0      		ldi r31,hi8(MIDI_ManufacturerString)
  81               	/* #APP */
  82               	 ;  278 "MIDI_Descriptors.c" 1
  83 003c 8491      		lpm r24, Z
  84               		
  85               	 ;  0 "" 2
  86               	.LVL11:
  87               	/* #NOAPP */
  88 003e 00C0      		rjmp .L11
  89               	.LVL12:
  90               	.L12:
  91               	.LBE3:
  92               	.LBB4:
  93               	.LSM5:
  94 0040 E0E0      		ldi r30,lo8(MIDI_ProductString)
  95 0042 F0E0      		ldi r31,hi8(MIDI_ProductString)
  96               	/* #APP */
  97               	 ;  282 "MIDI_Descriptors.c" 1
  98 0044 8491      		lpm r24, Z
  99               		
 100               	 ;  0 "" 2
 101               	.LVL13:
 102               	/* #NOAPP */
 103               	.L11:
 104               	.LBE4:
 105 0046 282F      		mov r18,r24
 106               	.LVL14:
 107 0048 30E0      		ldi r19,lo8(0)
 108               	.LVL15:
 109 004a 00C0      		rjmp .L6
 110               	.LVL16:
 111               	.L2:
 112 004c E0E0      		ldi r30,lo8(0)
 113 004e F0E0      		ldi r31,hi8(0)
 114               	.LVL17:
 115 0050 20E0      		ldi r18,lo8(0)
 116 0052 30E0      		ldi r19,hi8(0)
 117               	.LVL18:
 118               	.L6:
 119               	.LSM6:
 120 0054 ED93      		st X+,r30
 121 0056 FC93      		st X,r31
 122               	.LSM7:
 123 0058 C901      		movw r24,r18
 124               	.LVL19:
 125               	/* epilogue start */
 126 005a 0895      		ret
 127               	.LFE81:
 129               	.global	MIDI_DeviceDescriptor
 130               		.section	.progmem.data,"a",@progbits
 133               	MIDI_DeviceDescriptor:
 134 0000 12        		.byte	18
 135 0001 01        		.byte	1
 136 0002 1001      		.word	272
 137 0004 00        		.byte	0
 138 0005 00        		.byte	0
 139 0006 00        		.byte	0
 140 0007 08        		.byte	8
 141 0008 EB03      		.word	1003
 142 000a 4F20      		.word	8271
 143 000c 0100      		.word	1
 144 000e 01        		.byte	1
 145 000f 02        		.byte	2
 146 0010 00        		.byte	0
 147 0011 01        		.byte	1
 148               	.global	MIDI_ConfigurationDescriptor
 151               	MIDI_ConfigurationDescriptor:
 152 0012 09        		.byte	9
 153 0013 02        		.byte	2
 154 0014 6500      		.word	101
 155 0016 02        		.byte	2
 156 0017 01        		.byte	1
 157 0018 00        		.byte	0
 158 0019 C0        		.byte	-64
 159 001a 32        		.byte	50
 160 001b 09        		.byte	9
 161 001c 04        		.byte	4
 162 001d 00        		.byte	0
 163 001e 00        		.byte	0
 164 001f 00        		.byte	0
 165 0020 01        		.byte	1
 166 0021 01        		.byte	1
 167 0022 00        		.byte	0
 168 0023 00        		.byte	0
 169 0024 09        		.byte	9
 170 0025 24        		.byte	36
 171 0026 01        		.byte	1
 172 0027 0001      		.word	256
 173 0029 0900      		.word	9
 174 002b 01        		.byte	1
 175 002c 01        		.byte	1
 176 002d 09        		.byte	9
 177 002e 04        		.byte	4
 178 002f 01        		.byte	1
 179 0030 00        		.byte	0
 180 0031 02        		.byte	2
 181 0032 01        		.byte	1
 182 0033 03        		.byte	3
 183 0034 00        		.byte	0
 184 0035 00        		.byte	0
 185 0036 07        		.byte	7
 186 0037 24        		.byte	36
 187 0038 01        		.byte	1
 188 0039 0001      		.word	256
 189 003b 4100      		.word	65
 190 003d 06        		.byte	6
 191 003e 24        		.byte	36
 192 003f 02        		.byte	2
 193 0040 01        		.byte	1
 194 0041 01        		.byte	1
 195 0042 00        		.byte	0
 196 0043 06        		.byte	6
 197 0044 24        		.byte	36
 198 0045 02        		.byte	2
 199 0046 02        		.byte	2
 200 0047 02        		.byte	2
 201 0048 00        		.byte	0
 202 0049 09        		.byte	9
 203 004a 24        		.byte	36
 204 004b 03        		.byte	3
 205 004c 01        		.byte	1
 206 004d 03        		.byte	3
 207 004e 01        		.byte	1
 208 004f 02        		.byte	2
 209 0050 01        		.byte	1
 210 0051 00        		.byte	0
 211 0052 09        		.byte	9
 212 0053 24        		.byte	36
 213 0054 03        		.byte	3
 214 0055 02        		.byte	2
 215 0056 04        		.byte	4
 216 0057 01        		.byte	1
 217 0058 01        		.byte	1
 218 0059 01        		.byte	1
 219 005a 00        		.byte	0
 220 005b 09        		.byte	9
 221 005c 05        		.byte	5
 222 005d 01        		.byte	1
 223 005e 02        		.byte	2
 224 005f 4000      		.word	64
 225 0061 01        		.byte	1
 226 0062 00        		.byte	0
 227 0063 00        		.byte	0
 228 0064 05        		.byte	5
 229 0065 25        		.byte	37
 230 0066 01        		.byte	1
 231 0067 01        		.byte	1
 232 0068 01        		.byte	1
 233 0069 09        		.byte	9
 234 006a 05        		.byte	5
 235 006b 82        		.byte	-126
 236 006c 02        		.byte	2
 237 006d 4000      		.word	64
 238 006f 01        		.byte	1
 239 0070 00        		.byte	0
 240 0071 00        		.byte	0
 241 0072 05        		.byte	5
 242 0073 25        		.byte	37
 243 0074 01        		.byte	1
 244 0075 01        		.byte	1
 245 0076 03        		.byte	3
 246               	.global	MIDI_LanguageString
 249               	MIDI_LanguageString:
 250 0077 04        		.byte	4
 251 0078 03        		.byte	3
 252 0079 0904      		.word	1033
 253               	.global	MIDI_ManufacturerString
 256               	MIDI_ManufacturerString:
 257 007b 10        		.byte	16
 258 007c 03        		.byte	3
 259 007d 4800      		.string	"H"
 260 007f 4900      		.string	"I"
 261 0081 4400      		.string	"D"
 262 0083 5500      		.string	"U"
 263 0085 4900      		.string	"I"
 264 0087 4E00      		.string	"N"
 265 0089 4F00      		.string	"O"
 266 008b 00        		.string	""
 267 008c 00        		.string	""
 268               	.global	MIDI_ProductString
 271               	MIDI_ProductString:
 272 008d 1A        		.byte	26
 273 008e 03        		.byte	3
 274 008f 4800      		.string	"H"
 275 0091 4900      		.string	"I"
 276 0093 4400      		.string	"D"
 277 0095 5500      		.string	"U"
 278 0097 4900      		.string	"I"
 279 0099 4E00      		.string	"N"
 280 009b 4F00      		.string	"O"
 281 009d 2000      		.string	" "
 282 009f 4D00      		.string	"M"
 283 00a1 4900      		.string	"I"
 284 00a3 4400      		.string	"D"
 285 00a5 4900      		.string	"I"
 286 00a7 00        		.string	""
 287 00a8 00        		.string	""
 312               	.Letext0:
DEFINED SYMBOLS
                            *ABS*:00000000 MIDI_Descriptors.c
C:\Users\Dimitri\AppData\Local\Temp/ccEXsw44.s:2      *ABS*:0000003f __SREG__
C:\Users\Dimitri\AppData\Local\Temp/ccEXsw44.s:3      *ABS*:0000003e __SP_H__
C:\Users\Dimitri\AppData\Local\Temp/ccEXsw44.s:4      *ABS*:0000003d __SP_L__
C:\Users\Dimitri\AppData\Local\Temp/ccEXsw44.s:5      *ABS*:00000034 __CCP__
C:\Users\Dimitri\AppData\Local\Temp/ccEXsw44.s:6      *ABS*:00000000 __tmp_reg__
C:\Users\Dimitri\AppData\Local\Temp/ccEXsw44.s:7      *ABS*:00000001 __zero_reg__
C:\Users\Dimitri\AppData\Local\Temp/ccEXsw44.s:19     .text.MIDI_GetDescriptor:00000000 MIDI_GetDescriptor
C:\Users\Dimitri\AppData\Local\Temp/ccEXsw44.s:133    .progmem.data:00000000 MIDI_DeviceDescriptor
C:\Users\Dimitri\AppData\Local\Temp/ccEXsw44.s:151    .progmem.data:00000012 MIDI_ConfigurationDescriptor
C:\Users\Dimitri\AppData\Local\Temp/ccEXsw44.s:249    .progmem.data:00000077 MIDI_LanguageString
C:\Users\Dimitri\AppData\Local\Temp/ccEXsw44.s:256    .progmem.data:0000007b MIDI_ManufacturerString
C:\Users\Dimitri\AppData\Local\Temp/ccEXsw44.s:271    .progmem.data:0000008d MIDI_ProductString

NO UNDEFINED SYMBOLS
